Archive member included because of file (symbol)

/home/asphyx/arm-2012.09/bin/../lib/gcc/arm-none-eabi/4.7.2/../../../../arm-none-eabi/lib/thumb2/libc.a(lib_a-memcpy.o)
                              .obj/freertos/queue.o (memcpy)
/home/asphyx/arm-2012.09/bin/../lib/gcc/arm-none-eabi/4.7.2/../../../../arm-none-eabi/lib/thumb2/libc.a(lib_a-memset.o)
                              .obj/freertos/tasks.o (memset)
/home/asphyx/arm-2012.09/bin/../lib/gcc/arm-none-eabi/4.7.2/../../../../arm-none-eabi/lib/thumb2/libc.a(lib_a-sniprintf.o)
                              .obj/rtc.o (sniprintf)
/home/asphyx/arm-2012.09/bin/../lib/gcc/arm-none-eabi/4.7.2/../../../../arm-none-eabi/lib/thumb2/libc.a(lib_a-strcmp.o)
                              .obj/cmd.o (strcmp)
/home/asphyx/arm-2012.09/bin/../lib/gcc/arm-none-eabi/4.7.2/../../../../arm-none-eabi/lib/thumb2/libc.a(lib_a-strlen.o)
                              .obj/readline.o (strlen)
/home/asphyx/arm-2012.09/bin/../lib/gcc/arm-none-eabi/4.7.2/../../../../arm-none-eabi/lib/thumb2/libc.a(lib_a-strncpy.o)
                              .obj/freertos/tasks.o (strncpy)
/home/asphyx/arm-2012.09/bin/../lib/gcc/arm-none-eabi/4.7.2/../../../../arm-none-eabi/lib/thumb2/libc.a(lib_a-strtol.o)
                              .obj/main.o (strtol)
/home/asphyx/arm-2012.09/bin/../lib/gcc/arm-none-eabi/4.7.2/../../../../arm-none-eabi/lib/thumb2/libc.a(lib_a-svfiprintf.o)
                              /home/asphyx/arm-2012.09/bin/../lib/gcc/arm-none-eabi/4.7.2/../../../../arm-none-eabi/lib/thumb2/libc.a(lib_a-sniprintf.o) (_svfiprintf_r)
/home/asphyx/arm-2012.09/bin/../lib/gcc/arm-none-eabi/4.7.2/../../../../arm-none-eabi/lib/thumb2/libc.a(lib_a-vsniprintf.o)
                              .obj/serial.o (vsniprintf)
/home/asphyx/arm-2012.09/bin/../lib/gcc/arm-none-eabi/4.7.2/../../../../arm-none-eabi/lib/thumb2/libc.a(lib_a-ctype_.o)
                              /home/asphyx/arm-2012.09/bin/../lib/gcc/arm-none-eabi/4.7.2/../../../../arm-none-eabi/lib/thumb2/libc.a(lib_a-strtol.o) (__ctype_ptr__)
/home/asphyx/arm-2012.09/bin/../lib/gcc/arm-none-eabi/4.7.2/../../../../arm-none-eabi/lib/thumb2/libc.a(lib_a-impure.o)
                              /home/asphyx/arm-2012.09/bin/../lib/gcc/arm-none-eabi/4.7.2/../../../../arm-none-eabi/lib/thumb2/libc.a(lib_a-sniprintf.o) (_impure_ptr)
/home/asphyx/arm-2012.09/bin/../lib/gcc/arm-none-eabi/4.7.2/../../../../arm-none-eabi/lib/thumb2/libc.a(lib_a-memchr.o)
                              /home/asphyx/arm-2012.09/bin/../lib/gcc/arm-none-eabi/4.7.2/../../../../arm-none-eabi/lib/thumb2/libc.a(lib_a-svfiprintf.o) (memchr)
/home/asphyx/arm-2012.09/bin/../lib/gcc/arm-none-eabi/4.7.2/../../../../arm-none-eabi/lib/thumb2/libc.a(lib_a-memmove.o)
                              /home/asphyx/arm-2012.09/bin/../lib/gcc/arm-none-eabi/4.7.2/../../../../arm-none-eabi/lib/thumb2/libc.a(lib_a-svfiprintf.o) (memmove)
/home/asphyx/arm-2012.09/bin/../lib/gcc/arm-none-eabi/4.7.2/thumb2/libgcc.a(_udivsi3.o)
                              /home/asphyx/arm-2012.09/bin/../lib/gcc/arm-none-eabi/4.7.2/../../../../arm-none-eabi/lib/thumb2/libc.a(lib_a-strtol.o) (__aeabi_uidiv)
/home/asphyx/arm-2012.09/bin/../lib/gcc/arm-none-eabi/4.7.2/thumb2/libgcc.a(_dvmd_tls.o)
                              /home/asphyx/arm-2012.09/bin/../lib/gcc/arm-none-eabi/4.7.2/thumb2/libgcc.a(_udivsi3.o) (__aeabi_idiv0)
/home/asphyx/arm-2012.09/bin/../lib/gcc/arm-none-eabi/4.7.2/thumb2/libgcc.a(_aeabi_uldivmod.o)
                              /home/asphyx/arm-2012.09/bin/../lib/gcc/arm-none-eabi/4.7.2/../../../../arm-none-eabi/lib/thumb2/libc.a(lib_a-svfiprintf.o) (__aeabi_uldivmod)
/home/asphyx/arm-2012.09/bin/../lib/gcc/arm-none-eabi/4.7.2/thumb2/libgcc.a(bpabi.o)
                              /home/asphyx/arm-2012.09/bin/../lib/gcc/arm-none-eabi/4.7.2/thumb2/libgcc.a(_aeabi_uldivmod.o) (__gnu_uldivmod_helper)
/home/asphyx/arm-2012.09/bin/../lib/gcc/arm-none-eabi/4.7.2/thumb2/libgcc.a(_divdi3.o)
                              /home/asphyx/arm-2012.09/bin/../lib/gcc/arm-none-eabi/4.7.2/thumb2/libgcc.a(bpabi.o) (__divdi3)
/home/asphyx/arm-2012.09/bin/../lib/gcc/arm-none-eabi/4.7.2/thumb2/libgcc.a(_udivdi3.o)
                              /home/asphyx/arm-2012.09/bin/../lib/gcc/arm-none-eabi/4.7.2/thumb2/libgcc.a(bpabi.o) (__udivdi3)

Discarded input sections

 .text          0x00000000        0x0 .obj/st_lib/system_stm32f10x.o
 .data          0x00000000       0x14 .obj/st_lib/system_stm32f10x.o
 .bss           0x00000000        0x0 .obj/st_lib/system_stm32f10x.o
 .text.SystemCoreClockUpdate
                0x00000000       0x58 .obj/st_lib/system_stm32f10x.o
 .text          0x00000000        0x0 .obj/st_lib/core_cm3.o
 .data          0x00000000        0x0 .obj/st_lib/core_cm3.o
 .bss           0x00000000        0x0 .obj/st_lib/core_cm3.o
 .text.__get_PSP
                0x00000000        0x8 .obj/st_lib/core_cm3.o
 .text.__set_PSP
                0x00000000        0x8 .obj/st_lib/core_cm3.o
 .text.__get_MSP
[...]
Memory Configuration

Name             Origin             Length             Attributes
FLASH            0x08000000         0x00020000         xr
RAM              0x20000000         0x00005000         xrw
MEMORY_B1        0x60000000         0x00000000         xr
*default*        0x00000000         0xffffffff

Linker script and memory map

LOAD .obj/st_lib/system_stm32f10x.o
LOAD .obj/st_lib/core_cm3.o
LOAD .obj/st_lib/stm32f10x_rcc.o
LOAD .obj/st_lib/stm32f10x_gpio.o
LOAD .obj/st_lib/stm32f10x_usart.o
LOAD .obj/st_lib/stm32f10x_pwr.o
LOAD .obj/st_lib/stm32f10x_rtc.o
LOAD .obj/st_lib/stm32f10x_tim.o
LOAD .obj/st_lib/misc.o
LOAD .obj/freertos/tasks.o
LOAD .obj/freertos/queue.o
LOAD .obj/freertos/timers.o
LOAD .obj/freertos/list.o
LOAD .obj/freertos/heap_2.o
LOAD .obj/freertos/port/port.o
LOAD .obj/crt0.o
LOAD .obj/serial.o
LOAD .obj/rtc.o
LOAD .obj/malloc.o
LOAD .obj/readline.o
LOAD .obj/cmd.o
LOAD .obj/am2302.o
LOAD .obj/gpio.o
LOAD .obj/main.o
START GROUP
LOAD /home/asphyx/arm-2012.09/bin/../lib/gcc/arm-none-eabi/4.7.2/thumb2/libgcc.a
LOAD /home/asphyx/arm-2012.09/bin/../lib/gcc/arm-none-eabi/4.7.2/../../../../arm-none-eabi/lib/thumb2/libc.a
END GROUP
                0x20005000                _estack = 0x20005000
                0x00000000                _Min_Heap_Size = 0x0
                0x00000100                _Min_Stack_Size = 0x100

.isr_vector     0x08000000      0x10c
                0x08000000                . = ALIGN (0x4)
 *(.isr_vector)
 .isr_vector    0x08000000      0x10c .obj/crt0.o
                0x0800010c                . = ALIGN (0x4)

.text           0x08000110     0x5160
                0x08000110                . = ALIGN (0x4)
 *(.text)
 .text          0x08000110      0x174 /home/asphyx/arm-2012.09/bin/../lib/gcc/arm-none-eabi/4.7.2/../../../../arm-none-eabi/lib/thumb2/libc.a(lib_a-memcpy.o)
                0x08000110                memcpy
 .text          0x08000284       0xcc /home/asphyx/arm-2012.09/bin/../lib/gcc/arm-none-eabi/4.7.2/../../../../arm-none-eabi/lib/thumb2/libc.a(lib_a-memset.o)
                0x08000284                memset
 .text          0x08000350       0xd4 /home/asphyx/arm-2012.09/bin/../lib/gcc/arm-none-eabi/4.7.2/../../../../arm-none-eabi/lib/thumb2/libc.a(lib_a-sniprintf.o)
                0x08000350                _sniprintf_r
                0x080003b4                sniprintf
 .text          0x08000424      0x1dc /home/asphyx/arm-2012.09/bin/../lib/gcc/arm-none-eabi/4.7.2/../../../../arm-none-eabi/lib/thumb2/libc.a(lib_a-strcmp.o)
                0x08000424                strcmp
 .text          0x08000600       0x60 /home/asphyx/arm-2012.09/bin/../lib/gcc/arm-none-eabi/4.7.2/../../../../arm-none-eabi/lib/thumb2/libc.a(lib_a-strlen.o)
                0x08000600                strlen
 .text          0x08000660       0x64 /home/asphyx/arm-2012.09/bin/../lib/gcc/arm-none-eabi/4.7.2/../../../../arm-none-eabi/lib/thumb2/libc.a(lib_a-strncpy.o)
                0x08000660                strncpy
 .text          0x080006c4      0x160 /home/asphyx/arm-2012.09/bin/../lib/gcc/arm-none-eabi/4.7.2/../../../../arm-none-eabi/lib/thumb2/libc.a(lib_a-strtol.o)
                0x080006c4                _strtol_r
                0x08000808                strtol
 .text          0x08000824      0xbbc /home/asphyx/arm-2012.09/bin/../lib/gcc/arm-none-eabi/4.7.2/../../../../arm-none-eabi/lib/thumb2/libc.a(lib_a-svfiprintf.o)
                0x08000824                __ssprint_r
                0x08000930                _svfiprintf_r
 .text          0x080013e0       0x7c /home/asphyx/arm-2012.09/bin/../lib/gcc/arm-none-eabi/4.7.2/../../../../arm-none-eabi/lib/thumb2/libc.a(lib_a-vsniprintf.o)
                0x080013e0                _vsniprintf_r
                0x08001438                vsniprintf
 .text          0x0800145c       0x94 /home/asphyx/arm-2012.09/bin/../lib/gcc/arm-none-eabi/4.7.2/../../../../arm-none-eabi/lib/thumb2/libc.a(lib_a-memchr.o)
                0x0800145c                memchr
 .text          0x080014f0       0xcc /home/asphyx/arm-2012.09/bin/../lib/gcc/arm-none-eabi/4.7.2/../../../../arm-none-eabi/lib/thumb2/libc.a(lib_a-memmove.o)
                0x080014f0                memmove
 *fill*         0x080015bc        0x4 
 .text          0x080015c0      0x278 /home/asphyx/arm-2012.09/bin/../lib/gcc/arm-none-eabi/4.7.2/thumb2/libgcc.a(_udivsi3.o)
                0x080015c0                __udivsi3
                0x080015c0                __aeabi_uidiv
                0x0800181c                __aeabi_uidivmod
 .text          0x08001838        0x4 /home/asphyx/arm-2012.09/bin/../lib/gcc/arm-none-eabi/4.7.2/thumb2/libgcc.a(_dvmd_tls.o)
                0x08001838                __aeabi_ldiv0
                0x08001838                __aeabi_idiv0
 .text          0x0800183c       0x2c /home/asphyx/arm-2012.09/bin/../lib/gcc/arm-none-eabi/4.7.2/thumb2/libgcc.a(_aeabi_uldivmod.o)
                0x0800183c                __aeabi_uldivmod
 .text          0x08001868       0x60 /home/asphyx/arm-2012.09/bin/../lib/gcc/arm-none-eabi/4.7.2/thumb2/libgcc.a(bpabi.o)
                0x08001868                __gnu_ldivmod_helper
                0x08001898                __gnu_uldivmod_helper
 .text          0x080018c8      0x36c /home/asphyx/arm-2012.09/bin/../lib/gcc/arm-none-eabi/4.7.2/thumb2/libgcc.a(_divdi3.o)
                0x080018c8                __divdi3
 .text          0x08001c34      0x314 /home/asphyx/arm-2012.09/bin/../lib/gcc/arm-none-eabi/4.7.2/thumb2/libgcc.a(_udivdi3.o)
                0x08001c34                __udivdi3
 *(.text*)
 .text.SystemInit
                0x08001f48      0x100 .obj/st_lib/system_stm32f10x.o
                0x08001f48                SystemInit
 .text.RCC_LSEConfig
                0x08002048       0x20 .obj/st_lib/stm32f10x_rcc.o
                0x08002048                RCC_LSEConfig
 .text.RCC_RTCCLKConfig
                0x08002068       0x10 .obj/st_lib/stm32f10x_rcc.o
                0x08002068                RCC_RTCCLKConfig
 .text.RCC_RTCCLKCmd
                0x08002078        0xc .obj/st_lib/stm32f10x_rcc.o
                0x08002078                RCC_RTCCLKCmd
 .text.RCC_GetClocksFreq
                0x08002084       0x90 .obj/st_lib/stm32f10x_rcc.o
                0x08002084                RCC_GetClocksFreq
 .text.RCC_APB2PeriphClockCmd
                0x08002114       0x18 .obj/st_lib/stm32f10x_rcc.o
                0x08002114                RCC_APB2PeriphClockCmd
 .text.RCC_APB1PeriphClockCmd
                0x0800212c       0x18 .obj/st_lib/stm32f10x_rcc.o
                0x0800212c                RCC_APB1PeriphClockCmd
 .text.RCC_BackupResetCmd
                0x08002144        0xc .obj/st_lib/stm32f10x_rcc.o
                0x08002144                RCC_BackupResetCmd
 .text.RCC_GetFlagStatus
                0x08002150       0x28 .obj/st_lib/stm32f10x_rcc.o
                0x08002150                RCC_GetFlagStatus
 .text.GPIO_Init
                0x08002178       0xc0 .obj/st_lib/stm32f10x_gpio.o
                0x08002178                GPIO_Init
 .text.GPIO_PinRemapConfig
                0x08002238       0x70 .obj/st_lib/stm32f10x_gpio.o
                0x08002238                GPIO_PinRemapConfig
 .text.USART_Init
                0x080022a8       0xc4 .obj/st_lib/stm32f10x_usart.o
                0x080022a8                USART_Init
 .text.USART_Cmd
                0x0800236c       0x1c .obj/st_lib/stm32f10x_usart.o
                0x0800236c                USART_Cmd
 .text.USART_ITConfig
                0x08002388       0x38 .obj/st_lib/stm32f10x_usart.o
                0x08002388                USART_ITConfig
 .text.USART_SendData
                0x080023c0        0x8 .obj/st_lib/stm32f10x_usart.o
                0x080023c0                USART_SendData
 .text.USART_ReceiveData
                0x080023c8        0x8 .obj/st_lib/stm32f10x_usart.o
                0x080023c8                USART_ReceiveData
 .text.USART_GetITStatus
                0x080023d0       0x48 .obj/st_lib/stm32f10x_usart.o
                0x080023d0                USART_GetITStatus
 .text.PWR_BackupAccessCmd
                0x08002418        0xc .obj/st_lib/stm32f10x_pwr.o
                0x08002418                PWR_BackupAccessCmd
 .text.RTC_GetCounter
                0x08002424       0x14 .obj/st_lib/stm32f10x_rtc.o
                0x08002424                RTC_GetCounter
 .text.RTC_SetCounter
                0x08002438       0x24 .obj/st_lib/stm32f10x_rtc.o
                0x08002438                RTC_SetCounter
 .text.RTC_SetPrescaler
                0x0800245c       0x28 .obj/st_lib/stm32f10x_rtc.o
                0x0800245c                RTC_SetPrescaler
 .text.RTC_WaitForLastTask
                0x08002484       0x14 .obj/st_lib/stm32f10x_rtc.o
                0x08002484                RTC_WaitForLastTask
 .text.RTC_WaitForSynchro
                0x08002498       0x24 .obj/st_lib/stm32f10x_rtc.o
                0x08002498                RTC_WaitForSynchro
 .text.TI1_Config
                0x080024bc       0x74 .obj/st_lib/stm32f10x_tim.o
 .text.TI2_Config
                0x08002530       0x74 .obj/st_lib/stm32f10x_tim.o
 .text.TIM_PWMIConfig
                0x080025a4       0xa8 .obj/st_lib/stm32f10x_tim.o
                0x080025a4                TIM_PWMIConfig
 .text.TIM_PrescalerConfig
                0x0800264c        0x8 .obj/st_lib/stm32f10x_tim.o
                0x0800264c                TIM_PrescalerConfig
 .text.TIM_SelectInputTrigger
                0x08002654       0x10 .obj/st_lib/stm32f10x_tim.o
                0x08002654                TIM_SelectInputTrigger
 .text.TIM_UpdateRequestConfig
                0x08002664       0x1c .obj/st_lib/stm32f10x_tim.o
                0x08002664                TIM_UpdateRequestConfig
 .text.TIM_SelectSlaveMode
                0x08002680       0x18 .obj/st_lib/stm32f10x_tim.o
                0x08002680                TIM_SelectSlaveMode
 .text.TIM_SelectMasterSlaveMode
                0x08002698       0x18 .obj/st_lib/stm32f10x_tim.o
                0x08002698                TIM_SelectMasterSlaveMode
 .text.NVIC_PriorityGroupConfig
                0x080026b0       0x14 .obj/st_lib/misc.o
                0x080026b0                NVIC_PriorityGroupConfig
 .text.NVIC_Init
                0x080026c4       0x70 .obj/st_lib/misc.o
                0x080026c4                NVIC_Init
 .text.prvAddCurrentTaskToDelayedList
                0x08002734       0x3c .obj/freertos/tasks.o
 .text.xTaskGenericCreate
                0x08002770      0x19c .obj/freertos/tasks.o
                0x08002770                xTaskGenericCreate
 .text.vTaskDelete
                0x0800290c       0x68 .obj/freertos/tasks.o
                0x0800290c                vTaskDelete
 .text.vTaskStartScheduler
                0x08002974       0x50 .obj/freertos/tasks.o
                0x08002974                vTaskStartScheduler
 .text.vTaskSuspendAll
                0x080029c4       0x14 .obj/freertos/tasks.o
                0x080029c4                vTaskSuspendAll
 .text.xTaskGetTickCount
                0x080029d8       0x18 .obj/freertos/tasks.o
                0x080029d8                xTaskGetTickCount
 .text.vTaskIncrementTick
                0x080029f0       0xec .obj/freertos/tasks.o
                0x080029f0                vTaskIncrementTick
 .text.xTaskResumeAll
                0x08002adc       0xc8 .obj/freertos/tasks.o
                0x08002adc                xTaskResumeAll
 .text.prvIdleTask
                0x08002ba4       0x68 .obj/freertos/tasks.o
 .text.vTaskDelay
                0x08002c0c       0x38 .obj/freertos/tasks.o
                0x08002c0c                vTaskDelay
 .text.vTaskDelayUntil
                0x08002c44       0x54 .obj/freertos/tasks.o
                0x08002c44                vTaskDelayUntil
 .text.vTaskSwitchContext
                0x08002c98       0x78 .obj/freertos/tasks.o
                0x08002c98                vTaskSwitchContext
 .text.vTaskPlaceOnEventList
                0x08002d10       0x3c .obj/freertos/tasks.o
                0x08002d10                vTaskPlaceOnEventList
 .text.vTaskPlaceOnEventListRestricted
                0x08002d4c       0x28 .obj/freertos/tasks.o
                0x08002d4c                vTaskPlaceOnEventListRestricted
 .text.xTaskRemoveFromEventList
                0x08002d74       0x64 .obj/freertos/tasks.o
                0x08002d74                xTaskRemoveFromEventList
 .text.vTaskSetTimeOutState
                0x08002dd8       0x14 .obj/freertos/tasks.o
                0x08002dd8                vTaskSetTimeOutState
 .text.xTaskCheckForTimeOut
                0x08002dec       0x64 .obj/freertos/tasks.o
                0x08002dec                xTaskCheckForTimeOut
 .text.vTaskMissedYield
                0x08002e50       0x10 .obj/freertos/tasks.o
                0x08002e50                vTaskMissedYield
 .text.xTaskGetCurrentTaskHandle
                0x08002e60        0xc .obj/freertos/tasks.o
                0x08002e60                xTaskGetCurrentTaskHandle
 .text.xTaskGetSchedulerState
                0x08002e6c       0x1c .obj/freertos/tasks.o
                0x08002e6c                xTaskGetSchedulerState
 .text.vTaskPriorityInherit
                0x08002e88       0x68 .obj/freertos/tasks.o
                0x08002e88                vTaskPriorityInherit
 .text.vTaskPriorityDisinherit
                0x08002ef0       0x4c .obj/freertos/tasks.o
                0x08002ef0                vTaskPriorityDisinherit
 .text.prvUnlockQueue
                0x08002f3c       0x84 .obj/freertos/queue.o
 .text.prvCopyDataFromQueue
                0x08002fc0       0x28 .obj/freertos/queue.o
 .text.prvCopyDataToQueue
                0x08002fe8       0x5c .obj/freertos/queue.o
 .text.xQueueGenericReset
                0x08003044       0x60 .obj/freertos/queue.o
                0x08003044                xQueueGenericReset
 .text.xQueueGenericCreate
                0x080030a4       0x40 .obj/freertos/queue.o
                0x080030a4                xQueueGenericCreate
 .text.xQueueGenericSend
                0x080030e4       0xf0 .obj/freertos/queue.o
                0x080030e4                xQueueGenericSend
 .text.xQueueCreateMutex
                0x080031d4       0x44 .obj/freertos/queue.o
                0x080031d4                xQueueCreateMutex
 .text.xQueueGenericSendFromISR
                0x08003218       0x64 .obj/freertos/queue.o
                0x08003218                xQueueGenericSendFromISR
 .text.xQueueGenericReceive
                0x0800327c      0x130 .obj/freertos/queue.o
                0x0800327c                xQueueGenericReceive
 .text.xQueueReceiveFromISR
                0x080033ac       0x5c .obj/freertos/queue.o
                0x080033ac                xQueueReceiveFromISR
 .text.vQueueWaitForMessageRestricted
                0x08003408       0x40 .obj/freertos/queue.o
                0x08003408                vQueueWaitForMessageRestricted
 .text.prvCheckForValidListAndQueue
                0x08003448       0x3c .obj/freertos/timers.o
 .text.prvInsertTimerInActiveList
                0x08003484       0x40 .obj/freertos/timers.o
 .text.xTimerCreateTimerTask
                0x080034c4       0x38 .obj/freertos/timers.o
                0x080034c4                xTimerCreateTimerTask
 .text.xTimerCreate
                0x080034fc       0x40 .obj/freertos/timers.o
                0x080034fc                xTimerCreate
 .text.xTimerGenericCommand
                0x0800353c       0x50 .obj/freertos/timers.o
                0x0800353c                xTimerGenericCommand
 .text.prvSwitchTimerLists.isra.1
                0x0800358c       0x78 .obj/freertos/timers.o
 .text.prvTimerTask
                0x08003604      0x13c .obj/freertos/timers.o
 .text.vListInitialise
                0x08003740       0x18 .obj/freertos/list.o
                0x08003740                vListInitialise
 .text.vListInitialiseItem
                0x08003758        0x8 .obj/freertos/list.o
                0x08003758                vListInitialiseItem
 .text.vListInsertEnd
                0x08003760       0x1c .obj/freertos/list.o
                0x08003760                vListInsertEnd
 .text.vListInsert
                0x0800377c       0x38 .obj/freertos/list.o
                0x0800377c                vListInsert
 .text.uxListRemove
                0x080037b4       0x28 .obj/freertos/list.o
                0x080037b4                uxListRemove
 .text.pvPortMalloc
                0x080037dc       0xc0 .obj/freertos/heap_2.o
                0x080037dc                pvPortMalloc
 .text.vPortFree
                0x0800389c       0x40 .obj/freertos/heap_2.o
                0x0800389c                vPortFree
 .text.prvPortStartFirstTask
                0x080038dc       0x14 .obj/freertos/port/port.o
 .text.pxPortInitialiseStack
                0x080038f0       0x18 .obj/freertos/port/port.o
                0x080038f0                pxPortInitialiseStack
 .text.vPortSVCHandler
                0x08003908       0x20 .obj/freertos/port/port.o
                0x08003908                vPortSVCHandler
 .text.vPortYieldFromISR
                0x08003928       0x10 .obj/freertos/port/port.o
                0x08003928                vPortYieldFromISR
 .text.ulPortSetInterruptMask
                0x08003938       0x10 .obj/freertos/port/port.o
                0x08003938                ulPortSetInterruptMask
 .text.vPortEnterCritical
                0x08003948       0x14 .obj/freertos/port/port.o
                0x08003948                vPortEnterCritical
 .text.vPortClearInterruptMask
                0x0800395c        0x8 .obj/freertos/port/port.o
                0x0800395c                vPortClearInterruptMask
 .text.vPortExitCritical
                0x08003964       0x14 .obj/freertos/port/port.o
                0x08003964                vPortExitCritical
 .text.xPortPendSVHandler
                0x08003978       0x3c .obj/freertos/port/port.o
                0x08003978                xPortPendSVHandler
 .text.xPortSysTickHandler
                0x080039b4       0x20 .obj/freertos/port/port.o
                0x080039b4                xPortSysTickHandler
 .text.vPortSetupTimerInterrupt
                0x080039d4       0x18 .obj/freertos/port/port.o
                0x080039d4                vPortSetupTimerInterrupt
 .text.xPortStartScheduler
                0x080039ec       0x30 .obj/freertos/port/port.o
                0x080039ec                xPortStartScheduler
 .text.__default_exception_handler
                0x08003a1c        0x4 .obj/crt0.o
                0x08003a1c                EXTI2_IRQHandler
                0x08003a1c                MemManageException
                0x08003a1c                BusFaultException
                0x08003a1c                TIM1_CC_IRQHandler
                0x08003a1c                PVD_IRQHandler
                0x08003a1c                EXTI3_IRQHandler
                0x08003a1c                DMAChannel7_IRQHandler
                0x08003a1c                DebugMonitor
                0x08003a1c                SVCHandler
                0x08003a1c                HardFaultException
                0x08003a1c                USB_HP_CAN_TX_IRQHandler
                0x08003a1c                EXTI0_IRQHandler
                0x08003a1c                I2C2_EV_IRQHandler
                0x08003a1c                __default_exception_handler
                0x08003a1c                DMAChannel1_IRQHandler
                0x08003a1c                SPI1_IRQHandler
                0x08003a1c                CAN_SCE_IRQHandler
                0x08003a1c                TAMPER_IRQHandler
                0x08003a1c                NMIException
                0x08003a1c                DMAChannel4_IRQHandler
                0x08003a1c                USART3_IRQHandler
                0x08003a1c                RTC_IRQHandler
                0x08003a1c                SysTickHandler
                0x08003a1c                PendSVC
                0x08003a1c                TIM4_IRQHandler
                0x08003a1c                CAN_RX1_IRQHandler
                0x08003a1c                I2C1_EV_IRQHandler
                0x08003a1c                RCC_IRQHandler
                0x08003a1c                TIM1_TRG_COM_IRQHandler
                0x08003a1c                EXTI15_10_IRQHandler
                0x08003a1c                ADC_IRQHandler
                0x08003a1c                DMAChannel5_IRQHandler
                0x08003a1c                EXTI9_5_IRQHandler
                0x08003a1c                DMAChannel2_IRQHandler
                0x08003a1c                SPI2_IRQHandler
                0x08003a1c                USB_LP_CAN_RX0_IRQHandler
                0x08003a1c                EXTI4_IRQHandler
                0x08003a1c                TIM1_UP_IRQHandler
                0x08003a1c                WWDG_IRQHandler
                0x08003a1c                TIM2_IRQHandler
                0x08003a1c                TIM1_BRK_IRQHandler
                0x08003a1c                EXTI1_IRQHandler
                0x08003a1c                RTCAlarm_IRQHandler
                0x08003a1c                I2C2_ER_IRQHandler
                0x08003a1c                UsageFaultException
                0x08003a1c                FLASH_IRQHandler
                0x08003a1c                DMAChannel6_IRQHandler
                0x08003a1c                DMAChannel3_IRQHandler
                0x08003a1c                I2C1_ER_IRQHandler
                0x08003a1c                USBWakeUp_IRQHandler
 .text.Reset_Handler
                0x08003a20       0x68 .obj/crt0.o
                0x08003a20                Reset_Handler
 .text.handle_interrupt
                0x08003a88       0x9c .obj/serial.o
 .text.serial_init
                0x08003b24       0xd4 .obj/serial.o
                0x08003b24                serial_init
 .text.serial_enabled
                0x08003bf8       0x30 .obj/serial.o
                0x08003bf8                serial_enabled
 .text.serial_rcv_char
                0x08003c28       0x34 .obj/serial.o
                0x08003c28                serial_rcv_char
 .text.serial_send_char
                0x08003c5c       0x48 .obj/serial.o
                0x08003c5c                serial_send_char
 .text.serial_send_str
                0x08003ca4       0x5c .obj/serial.o
                0x08003ca4                serial_send_str
 .text.serial_iprintf
                0x08003d00       0x34 .obj/serial.o
                0x08003d00                serial_iprintf
 .text.USART1_IRQHandler
                0x08003d34        0x8 .obj/serial.o
                0x08003d34                USART1_IRQHandler
 .text.USART2_IRQHandler
                0x08003d3c        0x8 .obj/serial.o
                0x08003d3c                USART2_IRQHandler
 .text.rtc_init
                0x08003d44       0x84 .obj/rtc.o
                0x08003d44                rtc_init
 .text.rtc_valid
                0x08003dc8        0xc .obj/rtc.o
                0x08003dc8                rtc_valid
 .text.rtc_set  0x08003dd4       0x20 .obj/rtc.o
                0x08003dd4                rtc_set
 .text.rtc_to_time
                0x08003df4      0x180 .obj/rtc.o
                0x08003df4                rtc_to_time
 .text.rtc_from_time
                0x08003f74      0x124 .obj/rtc.o
                0x08003f74                rtc_from_time
 .text.time_to_str
                0x08004098       0x30 .obj/rtc.o
                0x08004098                time_to_str
 .text._malloc_r
                0x080040c8       0x14 .obj/malloc.o
                0x080040c8                _malloc_r
 .text._realloc_r
                0x080040dc       0x2c .obj/malloc.o
                0x080040dc                _realloc_r
 .text._free_r  0x08004108        0x8 .obj/malloc.o
                0x08004108                _free_r
 .text.read_line
                0x08004110      0x3b0 .obj/readline.o
                0x08004110                read_line
 .text.cmd_exec
                0x080044c0      0x130 .obj/cmd.o
                0x080044c0                cmd_exec
 .text.dht_thread
                0x080045f0      0x1b4 .obj/am2302.o
 .text.dht_init
                0x080047a4      0x130 .obj/am2302.o
                0x080047a4                dht_init
 .text.TIM3_IRQHandler
                0x080048d4       0x80 .obj/am2302.o
                0x080048d4                TIM3_IRQHandler
 .text.dht_read
                0x08004954       0xa4 .obj/am2302.o
                0x08004954                dht_read
 .text.gpio_init
                0x080049f8       0x4c .obj/gpio.o
                0x080049f8                gpio_init
 .text.gpio_set
                0x08004a44       0x20 .obj/gpio.o
                0x08004a44                gpio_set
 .text.daytime_cb
                0x08004a64       0x30 .obj/main.o
 .text.dht_poll_thread
                0x08004a94       0x98 .obj/main.o
 .text.cmd_thread
                0x08004b2c       0x68 .obj/main.o
 .text.light_proc
                0x08004b94       0x28 .obj/main.o
 .text.temp_proc
                0x08004bbc      0x110 .obj/main.o
 .text.date_proc
                0x08004ccc      0x100 .obj/main.o
 .text.startup.main
                0x08004dcc       0xd4 .obj/main.o
                0x08004dcc                main
 .text.vApplicationStackOverflowHook
                0x08004ea0       0x34 .obj/main.o
                0x08004ea0                vApplicationStackOverflowHook
 .text.vApplicationMallocFailedHook
                0x08004ed4       0x14 .obj/main.o
                0x08004ed4                vApplicationMallocFailedHook
 *(.rodata)
 .rodata        0x08004ee8       0x30 .obj/serial.o
 .rodata        0x08004f18       0x60 .obj/rtc.o
 .rodata        0x08004f78       0x18 .obj/am2302.o
 .rodata        0x08004f90       0x18 .obj/gpio.o
 .rodata        0x08004fa8       0x30 .obj/main.o
 .rodata        0x08004fd8       0x20 /home/asphyx/arm-2012.09/bin/../lib/gcc/arm-none-eabi/4.7.2/../../../../arm-none-eabi/lib/thumb2/libc.a(lib_a-svfiprintf.o)
 .rodata        0x08004ff8      0x104 /home/asphyx/arm-2012.09/bin/../lib/gcc/arm-none-eabi/4.7.2/../../../../arm-none-eabi/lib/thumb2/libc.a(lib_a-ctype_.o)
                0x08004ff8                _ctype_
 *(.rodata*)
 .rodata.str1.4
                0x080050fc        0x5 .obj/freertos/tasks.o
                                  0x8 (size before relaxing)
 *fill*         0x08005101        0x3 
 .rodata.str1.4
                0x08005104        0x8 .obj/freertos/timers.o
 .rodata.str1.4
                0x0800510c       0x1c .obj/rtc.o
 .rodata.str1.4
                0x08005128       0x11 .obj/readline.o
                                 0x18 (size before relaxing)
 *fill*         0x08005139        0x3 
 .rodata.str1.4
                0x0800513c       0x1d .obj/cmd.o
                                 0x24 (size before relaxing)
 *fill*         0x08005159        0x3 
 .rodata.str1.4
                0x0800515c        0x4 .obj/am2302.o
 .rodata.str1.4
                0x08005160       0xda .obj/main.o
                                 0xe8 (size before relaxing)
 *fill*         0x0800523a        0x2 
 .rodata.str1.4
                0x0800523c       0x2f /home/asphyx/arm-2012.09/bin/../lib/gcc/arm-none-eabi/4.7.2/../../../../arm-none-eabi/lib/thumb2/libc.a(lib_a-svfiprintf.o)
                                 0x30 (size before relaxing)
 *fill*         0x0800526b        0x1 
 .rodata.str1.4
                0x0800526c        0x4 /home/asphyx/arm-2012.09/bin/../lib/gcc/arm-none-eabi/4.7.2/../../../../arm-none-eabi/lib/thumb2/libc.a(lib_a-impure.o)
 *(.glue_7)
 .glue_7        0x00000000        0x0 linker stubs
 *(.glue_7t)
 .glue_7t       0x00000000        0x0 linker stubs
 *(.init)
 *(.fini)
                0x08005270                . = ALIGN (0x4)
                0x08005270                _etext = .

.vfp11_veneer   0x08005270        0x0
 .vfp11_veneer  0x00000000        0x0 linker stubs

.v4_bx          0x08005270        0x0
 .v4_bx         0x00000000        0x0 linker stubs

.iplt           0x08005270        0x0
 .iplt          0x00000000        0x0 .obj/st_lib/system_stm32f10x.o

.ARM.extab
 *(.ARM.extab* .gnu.linkonce.armextab.*)

.ARM            0x08005270        0x8
                0x08005270                __exidx_start = .
 *(.ARM.exidx*)
 .ARM.exidx     0x08005270        0x8 /home/asphyx/arm-2012.09/bin/../lib/gcc/arm-none-eabi/4.7.2/thumb2/libgcc.a(_divdi3.o)
 .ARM.exidx     0x08005278        0x0 /home/asphyx/arm-2012.09/bin/../lib/gcc/arm-none-eabi/4.7.2/thumb2/libgcc.a(_udivdi3.o)
                                  0x8 (size before relaxing)
                0x08005278                __exidx_end = .

.rel.dyn        0x08005278        0x0
 .rel.iplt      0x00000000        0x0 .obj/st_lib/system_stm32f10x.o

.ARM.attributes
                0x08005278       0x33
 *(.ARM.attributes)
 .ARM.attributes
                0x08005278       0x33 .obj/st_lib/system_stm32f10x.o
 .ARM.attributes
                0x080052ab       0x33 .obj/st_lib/stm32f10x_rcc.o
 .ARM.attributes
                0x080052de       0x33 .obj/st_lib/stm32f10x_gpio.o
 .ARM.attributes
                0x08005311       0x33 .obj/st_lib/stm32f10x_usart.o
 .ARM.attributes
                0x08005344       0x33 .obj/st_lib/stm32f10x_pwr.o
 .ARM.attributes
                0x08005377       0x33 .obj/st_lib/stm32f10x_rtc.o
 .ARM.attributes
                0x080053aa       0x33 .obj/st_lib/stm32f10x_tim.o
 .ARM.attributes
                0x080053dd       0x33 .obj/st_lib/misc.o
 .ARM.attributes
                0x08005410       0x33 .obj/freertos/tasks.o
 .ARM.attributes
                0x08005443       0x33 .obj/freertos/queue.o
 .ARM.attributes
                0x08005476       0x33 .obj/freertos/timers.o
 .ARM.attributes
                0x080054a9       0x33 .obj/freertos/list.o
 .ARM.attributes
                0x080054dc       0x33 .obj/freertos/heap_2.o
 .ARM.attributes
                0x0800550f       0x33 .obj/freertos/port/port.o
 .ARM.attributes
                0x08005542       0x33 .obj/crt0.o
 .ARM.attributes
                0x08005575       0x33 .obj/serial.o
 .ARM.attributes
                0x080055a8       0x33 .obj/rtc.o
 .ARM.attributes
                0x080055db       0x33 .obj/malloc.o
 .ARM.attributes
                0x0800560e       0x33 .obj/readline.o
 .ARM.attributes
                0x08005641       0x33 .obj/cmd.o
 .ARM.attributes
                0x08005674       0x33 .obj/am2302.o
 .ARM.attributes
                0x080056a7       0x33 .obj/gpio.o
 .ARM.attributes
                0x080056da       0x33 .obj/main.o
 .ARM.attributes
                0x0800570d       0x29 /home/asphyx/arm-2012.09/bin/../lib/gcc/arm-none-eabi/4.7.2/../../../../arm-none-eabi/lib/thumb2/libc.a(lib_a-memcpy.o)
 .ARM.attributes
                0x08005736       0x29 /home/asphyx/arm-2012.09/bin/../lib/gcc/arm-none-eabi/4.7.2/../../../../arm-none-eabi/lib/thumb2/libc.a(lib_a-memset.o)
 .ARM.attributes
                0x0800575f       0x29 /home/asphyx/arm-2012.09/bin/../lib/gcc/arm-none-eabi/4.7.2/../../../../arm-none-eabi/lib/thumb2/libc.a(lib_a-sniprintf.o)
 .ARM.attributes
                0x08005788       0x29 /home/asphyx/arm-2012.09/bin/../lib/gcc/arm-none-eabi/4.7.2/../../../../arm-none-eabi/lib/thumb2/libc.a(lib_a-strcmp.o)
 .ARM.attributes
                0x080057b1       0x29 /home/asphyx/arm-2012.09/bin/../lib/gcc/arm-none-eabi/4.7.2/../../../../arm-none-eabi/lib/thumb2/libc.a(lib_a-strlen.o)
 .ARM.attributes
                0x080057da       0x29 /home/asphyx/arm-2012.09/bin/../lib/gcc/arm-none-eabi/4.7.2/../../../../arm-none-eabi/lib/thumb2/libc.a(lib_a-strncpy.o)
 .ARM.attributes
                0x08005803       0x29 /home/asphyx/arm-2012.09/bin/../lib/gcc/arm-none-eabi/4.7.2/../../../../arm-none-eabi/lib/thumb2/libc.a(lib_a-strtol.o)
 .ARM.attributes
                0x0800582c       0x29 /home/asphyx/arm-2012.09/bin/../lib/gcc/arm-none-eabi/4.7.2/../../../../arm-none-eabi/lib/thumb2/libc.a(lib_a-svfiprintf.o)
 .ARM.attributes
                0x08005855       0x29 /home/asphyx/arm-2012.09/bin/../lib/gcc/arm-none-eabi/4.7.2/../../../../arm-none-eabi/lib/thumb2/libc.a(lib_a-vsniprintf.o)
 .ARM.attributes
                0x0800587e       0x29 /home/asphyx/arm-2012.09/bin/../lib/gcc/arm-none-eabi/4.7.2/../../../../arm-none-eabi/lib/thumb2/libc.a(lib_a-ctype_.o)
 .ARM.attributes
                0x080058a7       0x29 /home/asphyx/arm-2012.09/bin/../lib/gcc/arm-none-eabi/4.7.2/../../../../arm-none-eabi/lib/thumb2/libc.a(lib_a-impure.o)
 .ARM.attributes
                0x080058d0       0x29 /home/asphyx/arm-2012.09/bin/../lib/gcc/arm-none-eabi/4.7.2/../../../../arm-none-eabi/lib/thumb2/libc.a(lib_a-memchr.o)
 .ARM.attributes
                0x080058f9       0x29 /home/asphyx/arm-2012.09/bin/../lib/gcc/arm-none-eabi/4.7.2/../../../../arm-none-eabi/lib/thumb2/libc.a(lib_a-memmove.o)
 .ARM.attributes
                0x08005922       0x19 /home/asphyx/arm-2012.09/bin/../lib/gcc/arm-none-eabi/4.7.2/thumb2/libgcc.a(_udivsi3.o)
 .ARM.attributes
                0x0800593b       0x19 /home/asphyx/arm-2012.09/bin/../lib/gcc/arm-none-eabi/4.7.2/thumb2/libgcc.a(_dvmd_tls.o)
 .ARM.attributes
                0x08005954       0x19 /home/asphyx/arm-2012.09/bin/../lib/gcc/arm-none-eabi/4.7.2/thumb2/libgcc.a(_aeabi_uldivmod.o)
 .ARM.attributes
                0x0800596d       0x29 /home/asphyx/arm-2012.09/bin/../lib/gcc/arm-none-eabi/4.7.2/thumb2/libgcc.a(bpabi.o)
 .ARM.attributes
                0x08005996       0x29 /home/asphyx/arm-2012.09/bin/../lib/gcc/arm-none-eabi/4.7.2/thumb2/libgcc.a(_divdi3.o)
 .ARM.attributes
                0x080059bf       0x29 /home/asphyx/arm-2012.09/bin/../lib/gcc/arm-none-eabi/4.7.2/thumb2/libgcc.a(_udivdi3.o)

.preinit_array  0x08005278        0x0
                0x08005278                PROVIDE (__preinit_array_start, .)
 *(.preinit_array*)
                0x08005278                PROVIDE (__preinit_array_end, .)

.init_array     0x08005278        0x0
                0x08005278                PROVIDE (__init_array_start, .)
 *(SORT(.init_array.*))
 *(.init_array*)
                0x08005278                PROVIDE (__init_array_end, .)

.fini_array     0x08005278        0x0
                0x08005278                PROVIDE (__fini_array_start, .)
 *(.fini_array*)
 *(SORT(.fini_array.*))
                0x08005278                PROVIDE (__fini_array_end, .)
                0x08005278                _sidata = .

.data           0x20000000      0x13c load address 0x080059e8
                0x20000000                . = ALIGN (0x4)
                0x20000000                _sdata = .
 *(.data)
 .data          0x20000000       0x14 .obj/st_lib/stm32f10x_rcc.o
 .data          0x20000014        0x4 .obj/freertos/tasks.o
 .data          0x20000018        0x4 .obj/freertos/heap_2.o
 .data          0x2000001c        0x4 .obj/freertos/port/port.o
 .data          0x20000020       0x18 .obj/serial.o
 .data          0x20000038        0x4 .obj/rtc.o
 .data          0x2000003c        0x8 .obj/main.o
 .data          0x20000044        0x4 /home/asphyx/arm-2012.09/bin/../lib/gcc/arm-none-eabi/4.7.2/../../../../arm-none-eabi/lib/thumb2/libc.a(lib_a-ctype_.o)
                0x20000044                __ctype_ptr__
 .data          0x20000048       0xf4 /home/asphyx/arm-2012.09/bin/../lib/gcc/arm-none-eabi/4.7.2/../../../../arm-none-eabi/lib/thumb2/libc.a(lib_a-impure.o)
                0x20000048                _impure_ptr
 *(.data*)
                0x2000013c                . = ALIGN (0x4)
                0x2000013c                _edata = .

.igot.plt       0x2000013c        0x0 load address 0x08005b24
 .igot.plt      0x00000000        0x0 .obj/st_lib/system_stm32f10x.o
                0x2000013c                . = ALIGN (0x4)

.bss            0x20000140     0x4718 load address 0x08005b28
                0x20000140                _sbss = .
                0x20000140                __bss_start__ = _sbss
 *(.bss)
 .bss           0x20000140      0x100 .obj/freertos/tasks.o
                0x20000140                pxCurrentTCB
 .bss           0x20000240       0x38 .obj/freertos/timers.o
 .bss           0x20000278     0x4418 .obj/freertos/heap_2.o
 .bss           0x20004690       0x10 .obj/am2302.o
                0x20004694                irq_sem
 .bss           0x200046a0      0x1b8 .obj/main.o
                0x200047c0                cmdbuf
 *(.bss*)
 *(COMMON)
                0x20004858                . = ALIGN (0x4)
                0x20004858                _ebss = .
                0x20004858                __bss_end__ = _ebss
                0x20004858                PROVIDE (end, _ebss)
                0x20004858                PROVIDE (_end, _ebss)

._user_heap_stack
                0x20004858      0x100 load address 0x0800a240
                0x20004858                . = ALIGN (0x4)
                0x20004858                . = (. + _Min_Heap_Size)
                0x20004958                . = (. + _Min_Stack_Size)
 *fill*         0x20004858      0x100 
                0x20004958                . = ALIGN (0x4)

.memory_b1_text
 *(.mb1text)
 *(.mb1text*)
 *(.mb1rodata)
 *(.mb1rodata*)

/DISCARD/
 libc.a(*)
 libm.a(*)
 libgcc.a(*)
OUTPUT(firmware.elf elf32-littlearm)

.comment        0x00000000       0x30
 .comment       0x00000000       0x30 .obj/st_lib/system_stm32f10x.o
                                 0x31 (size before relaxing)
 .comment       0x00000000       0x31 .obj/st_lib/stm32f10x_rcc.o
 .comment       0x00000000       0x31 .obj/st_lib/stm32f10x_gpio.o
 .comment       0x00000000       0x31 .obj/st_lib/stm32f10x_usart.o
 .comment       0x00000000       0x31 .obj/st_lib/stm32f10x_pwr.o
 .comment       0x00000000       0x31 .obj/st_lib/stm32f10x_rtc.o
 .comment       0x00000000       0x31 .obj/st_lib/stm32f10x_tim.o
 .comment       0x00000000       0x31 .obj/st_lib/misc.o
 .comment       0x00000000       0x31 .obj/freertos/tasks.o
 .comment       0x00000000       0x31 .obj/freertos/queue.o
 .comment       0x00000000       0x31 .obj/freertos/timers.o
 .comment       0x00000000       0x31 .obj/freertos/list.o
 .comment       0x00000000       0x31 .obj/freertos/heap_2.o
 .comment       0x00000000       0x31 .obj/freertos/port/port.o
 .comment       0x00000000       0x31 .obj/crt0.o
 .comment       0x00000000       0x31 .obj/serial.o
 .comment       0x00000000       0x31 .obj/rtc.o
 .comment       0x00000000       0x31 .obj/malloc.o
 .comment       0x00000000       0x31 .obj/readline.o
 .comment       0x00000000       0x31 .obj/cmd.o
 .comment       0x00000000       0x31 .obj/am2302.o
 .comment       0x00000000       0x31 .obj/gpio.o
 .comment       0x00000000       0x31 .obj/main.o

.debug_frame    0x00000000      0x37c
 .debug_frame   0x00000000       0x34 /home/asphyx/arm-2012.09/bin/../lib/gcc/arm-none-eabi/4.7.2/../../../../arm-none-eabi/lib/thumb2/libc.a(lib_a-memcpy.o)
 .debug_frame   0x00000034       0x2c /home/asphyx/arm-2012.09/bin/../lib/gcc/arm-none-eabi/4.7.2/../../../../arm-none-eabi/lib/thumb2/libc.a(lib_a-memset.o)
 .debug_frame   0x00000060       0x60 /home/asphyx/arm-2012.09/bin/../lib/gcc/arm-none-eabi/4.7.2/../../../../arm-none-eabi/lib/thumb2/libc.a(lib_a-sniprintf.o)
 .debug_frame   0x000000c0       0x30 /home/asphyx/arm-2012.09/bin/../lib/gcc/arm-none-eabi/4.7.2/../../../../arm-none-eabi/lib/thumb2/libc.a(lib_a-strcmp.o)
 .debug_frame   0x000000f0       0x20 /home/asphyx/arm-2012.09/bin/../lib/gcc/arm-none-eabi/4.7.2/../../../../arm-none-eabi/lib/thumb2/libc.a(lib_a-strlen.o)
 .debug_frame   0x00000110       0x2c /home/asphyx/arm-2012.09/bin/../lib/gcc/arm-none-eabi/4.7.2/../../../../arm-none-eabi/lib/thumb2/libc.a(lib_a-strncpy.o)
 .debug_frame   0x0000013c       0x50 /home/asphyx/arm-2012.09/bin/../lib/gcc/arm-none-eabi/4.7.2/../../../../arm-none-eabi/lib/thumb2/libc.a(lib_a-strtol.o)
 .debug_frame   0x0000018c       0x64 /home/asphyx/arm-2012.09/bin/../lib/gcc/arm-none-eabi/4.7.2/../../../../arm-none-eabi/lib/thumb2/libc.a(lib_a-svfiprintf.o)
 .debug_frame   0x000001f0       0x50 /home/asphyx/arm-2012.09/bin/../lib/gcc/arm-none-eabi/4.7.2/../../../../arm-none-eabi/lib/thumb2/libc.a(lib_a-vsniprintf.o)
 .debug_frame   0x00000240       0x2c /home/asphyx/arm-2012.09/bin/../lib/gcc/arm-none-eabi/4.7.2/../../../../arm-none-eabi/lib/thumb2/libc.a(lib_a-memchr.o)
 .debug_frame   0x0000026c       0x2c /home/asphyx/arm-2012.09/bin/../lib/gcc/arm-none-eabi/4.7.2/../../../../arm-none-eabi/lib/thumb2/libc.a(lib_a-memmove.o)
 .debug_frame   0x00000298       0x20 /home/asphyx/arm-2012.09/bin/../lib/gcc/arm-none-eabi/4.7.2/thumb2/libgcc.a(_udivsi3.o)
 .debug_frame   0x000002b8       0x54 /home/asphyx/arm-2012.09/bin/../lib/gcc/arm-none-eabi/4.7.2/thumb2/libgcc.a(bpabi.o)
 .debug_frame   0x0000030c       0x38 /home/asphyx/arm-2012.09/bin/../lib/gcc/arm-none-eabi/4.7.2/thumb2/libgcc.a(_divdi3.o)
 .debug_frame   0x00000344       0x38 /home/asphyx/arm-2012.09/bin/../lib/gcc/arm-none-eabi/4.7.2/thumb2/libgcc.a(_udivdi3.o)

Cross Reference Table

Symbol                                            File
ADC_IRQHandler                                    .obj/crt0.o
AHBPrescTable                                     .obj/st_lib/system_stm32f10x.o
BusFaultException                                 .obj/crt0.o
CAN_RX1_IRQHandler                                .obj/crt0.o
CAN_SCE_IRQHandler                                .obj/crt0.o
DMAChannel1_IRQHandler                            .obj/crt0.o
DMAChannel2_IRQHandler                            .obj/crt0.o
DMAChannel3_IRQHandler                            .obj/crt0.o
DMAChannel4_IRQHandler                            .obj/crt0.o
DMAChannel5_IRQHandler                            .obj/crt0.o
DMAChannel6_IRQHandler                            .obj/crt0.o
DMAChannel7_IRQHandler                            .obj/crt0.o
DebugMonitor                                      .obj/crt0.o
EXTI0_IRQHandler                                  .obj/crt0.o
EXTI15_10_IRQHandler                              .obj/crt0.o
EXTI1_IRQHandler                                  .obj/crt0.o
EXTI2_IRQHandler                                  .obj/crt0.o
EXTI3_IRQHandler                                  .obj/crt0.o
EXTI4_IRQHandler                                  .obj/crt0.o
EXTI9_5_IRQHandler                                .obj/crt0.o
FLASH_IRQHandler                                  .obj/crt0.o
GPIO_AFIODeInit                                   .obj/st_lib/stm32f10x_gpio.o
GPIO_DeInit                                       .obj/st_lib/stm32f10x_gpio.o
GPIO_ETH_MediaInterfaceConfig                     .obj/st_lib/stm32f10x_gpio.o
GPIO_EXTILineConfig                               .obj/st_lib/stm32f10x_gpio.o
GPIO_EventOutputCmd                               .obj/st_lib/stm32f10x_gpio.o
GPIO_EventOutputConfig                            .obj/st_lib/stm32f10x_gpio.o
GPIO_Init                                         .obj/st_lib/stm32f10x_gpio.o
                                                  .obj/gpio.o
                                                  .obj/am2302.o
                                                  .obj/serial.o
GPIO_PinLockConfig                                .obj/st_lib/stm32f10x_gpio.o
GPIO_PinRemapConfig                               .obj/st_lib/stm32f10x_gpio.o
                                                  .obj/am2302.o
GPIO_ReadInputData                                .obj/st_lib/stm32f10x_gpio.o
GPIO_ReadInputDataBit                             .obj/st_lib/stm32f10x_gpio.o
GPIO_ReadOutputData                               .obj/st_lib/stm32f10x_gpio.o
GPIO_ReadOutputDataBit                            .obj/st_lib/stm32f10x_gpio.o
GPIO_ResetBits                                    .obj/st_lib/stm32f10x_gpio.o
GPIO_SetBits                                      .obj/st_lib/stm32f10x_gpio.o
GPIO_StructInit                                   .obj/st_lib/stm32f10x_gpio.o
GPIO_Write                                        .obj/st_lib/stm32f10x_gpio.o
GPIO_WriteBit                                     .obj/st_lib/stm32f10x_gpio.o
HardFaultException                                .obj/crt0.o
I2C1_ER_IRQHandler                                .obj/crt0.o
I2C1_EV_IRQHandler                                .obj/crt0.o
I2C2_ER_IRQHandler                                .obj/crt0.o
I2C2_EV_IRQHandler                                .obj/crt0.o
MemManageException                                .obj/crt0.o
NMIException                                      .obj/crt0.o
NVIC_Init                                         .obj/st_lib/misc.o
                                                  .obj/am2302.o
                                                  .obj/serial.o
NVIC_PriorityGroupConfig                          .obj/st_lib/misc.o
                                                  .obj/main.o
NVIC_SetVectorTable                               .obj/st_lib/misc.o
NVIC_SystemLPConfig                               .obj/st_lib/misc.o
PVD_IRQHandler                                    .obj/crt0.o
PWR_BackupAccessCmd                               .obj/st_lib/stm32f10x_pwr.o
                                                  .obj/rtc.o
PWR_ClearFlag                                     .obj/st_lib/stm32f10x_pwr.o
PWR_DeInit                                        .obj/st_lib/stm32f10x_pwr.o
PWR_EnterSTANDBYMode                              .obj/st_lib/stm32f10x_pwr.o
PWR_EnterSTOPMode                                 .obj/st_lib/stm32f10x_pwr.o
PWR_GetFlagStatus                                 .obj/st_lib/stm32f10x_pwr.o
PWR_PVDCmd                                        .obj/st_lib/stm32f10x_pwr.o
PWR_PVDLevelConfig                                .obj/st_lib/stm32f10x_pwr.o
PWR_WakeUpPinCmd                                  .obj/st_lib/stm32f10x_pwr.o
PendSVC                                           .obj/crt0.o
RCC_ADCCLKConfig                                  .obj/st_lib/stm32f10x_rcc.o
RCC_AHBPeriphClockCmd                             .obj/st_lib/stm32f10x_rcc.o
RCC_APB1PeriphClockCmd                            .obj/st_lib/stm32f10x_rcc.o
                                                  .obj/am2302.o
                                                  .obj/rtc.o
RCC_APB1PeriphResetCmd                            .obj/st_lib/stm32f10x_rcc.o
                                                  .obj/st_lib/stm32f10x_tim.o
                                                  .obj/st_lib/stm32f10x_pwr.o
                                                  .obj/st_lib/stm32f10x_usart.o
RCC_APB2PeriphClockCmd                            .obj/st_lib/stm32f10x_rcc.o
                                                  .obj/gpio.o
                                                  .obj/am2302.o
                                                  .obj/serial.o
RCC_APB2PeriphResetCmd                            .obj/st_lib/stm32f10x_rcc.o
                                                  .obj/st_lib/stm32f10x_tim.o
                                                  .obj/st_lib/stm32f10x_usart.o
                                                  .obj/st_lib/stm32f10x_gpio.o
RCC_AdjustHSICalibrationValue                     .obj/st_lib/stm32f10x_rcc.o
RCC_BackupResetCmd                                .obj/st_lib/stm32f10x_rcc.o
                                                  .obj/rtc.o
RCC_ClearFlag                                     .obj/st_lib/stm32f10x_rcc.o
RCC_ClearITPendingBit                             .obj/st_lib/stm32f10x_rcc.o
RCC_ClockSecuritySystemCmd                        .obj/st_lib/stm32f10x_rcc.o
RCC_DeInit                                        .obj/st_lib/stm32f10x_rcc.o
RCC_GetClocksFreq                                 .obj/st_lib/stm32f10x_rcc.o
                                                  .obj/am2302.o
                                                  .obj/st_lib/stm32f10x_usart.o
RCC_GetFlagStatus                                 .obj/st_lib/stm32f10x_rcc.o
                                                  .obj/rtc.o
RCC_GetITStatus                                   .obj/st_lib/stm32f10x_rcc.o
RCC_GetSYSCLKSource                               .obj/st_lib/stm32f10x_rcc.o
RCC_HCLKConfig                                    .obj/st_lib/stm32f10x_rcc.o
RCC_HSEConfig                                     .obj/st_lib/stm32f10x_rcc.o
RCC_HSICmd                                        .obj/st_lib/stm32f10x_rcc.o
RCC_IRQHandler                                    .obj/crt0.o
RCC_ITConfig                                      .obj/st_lib/stm32f10x_rcc.o
RCC_LSEConfig                                     .obj/st_lib/stm32f10x_rcc.o
                                                  .obj/rtc.o
RCC_LSICmd                                        .obj/st_lib/stm32f10x_rcc.o
RCC_MCOConfig                                     .obj/st_lib/stm32f10x_rcc.o
RCC_PCLK1Config                                   .obj/st_lib/stm32f10x_rcc.o
RCC_PCLK2Config                                   .obj/st_lib/stm32f10x_rcc.o
RCC_PLLCmd                                        .obj/st_lib/stm32f10x_rcc.o
RCC_PLLConfig                                     .obj/st_lib/stm32f10x_rcc.o
RCC_RTCCLKCmd                                     .obj/st_lib/stm32f10x_rcc.o
                                                  .obj/rtc.o
RCC_RTCCLKConfig                                  .obj/st_lib/stm32f10x_rcc.o
                                                  .obj/rtc.o
RCC_SYSCLKConfig                                  .obj/st_lib/stm32f10x_rcc.o
RCC_USBCLKConfig                                  .obj/st_lib/stm32f10x_rcc.o
RCC_WaitForHSEStartUp                             .obj/st_lib/stm32f10x_rcc.o
RTCAlarm_IRQHandler                               .obj/crt0.o
RTC_ClearFlag                                     .obj/st_lib/stm32f10x_rtc.o
RTC_ClearITPendingBit                             .obj/st_lib/stm32f10x_rtc.o
RTC_EnterConfigMode                               .obj/st_lib/stm32f10x_rtc.o
RTC_ExitConfigMode                                .obj/st_lib/stm32f10x_rtc.o
RTC_GetCounter                                    .obj/st_lib/stm32f10x_rtc.o
                                                  .obj/main.o
RTC_GetDivider                                    .obj/st_lib/stm32f10x_rtc.o
RTC_GetFlagStatus                                 .obj/st_lib/stm32f10x_rtc.o
RTC_GetITStatus                                   .obj/st_lib/stm32f10x_rtc.o
RTC_IRQHandler                                    .obj/crt0.o
RTC_ITConfig                                      .obj/st_lib/stm32f10x_rtc.o
RTC_SetAlarm                                      .obj/st_lib/stm32f10x_rtc.o
RTC_SetCounter                                    .obj/st_lib/stm32f10x_rtc.o
                                                  .obj/rtc.o
RTC_SetPrescaler                                  .obj/st_lib/stm32f10x_rtc.o
                                                  .obj/rtc.o
RTC_WaitForLastTask                               .obj/st_lib/stm32f10x_rtc.o
                                                  .obj/rtc.o
RTC_WaitForSynchro                                .obj/st_lib/stm32f10x_rtc.o
                                                  .obj/rtc.o
Reset_Handler                                     .obj/crt0.o
SPI1_IRQHandler                                   .obj/crt0.o
SPI2_IRQHandler                                   .obj/crt0.o
SVCHandler                                        .obj/crt0.o
SysTickHandler                                    .obj/crt0.o
SysTick_CLKSourceConfig                           .obj/st_lib/misc.o
SystemCoreClock                                   .obj/st_lib/system_stm32f10x.o
SystemCoreClockUpdate                             .obj/st_lib/system_stm32f10x.o
SystemInit                                        .obj/st_lib/system_stm32f10x.o
                                                  .obj/crt0.o
TAMPER_IRQHandler                                 .obj/crt0.o
TIM1_BRK_IRQHandler                               .obj/crt0.o
TIM1_CC_IRQHandler                                .obj/crt0.o
TIM1_TRG_COM_IRQHandler                           .obj/crt0.o
TIM1_UP_IRQHandler                                .obj/crt0.o
TIM2_IRQHandler                                   .obj/crt0.o
TIM3_IRQHandler                                   .obj/am2302.o
                                                  .obj/crt0.o
TIM4_IRQHandler                                   .obj/crt0.o
TIM_ARRPreloadConfig                              .obj/st_lib/stm32f10x_tim.o
TIM_BDTRConfig                                    .obj/st_lib/stm32f10x_tim.o
TIM_BDTRStructInit                                .obj/st_lib/stm32f10x_tim.o
TIM_CCPreloadControl                              .obj/st_lib/stm32f10x_tim.o
TIM_CCxCmd                                        .obj/st_lib/stm32f10x_tim.o
TIM_CCxNCmd                                       .obj/st_lib/stm32f10x_tim.o
TIM_ClearFlag                                     .obj/st_lib/stm32f10x_tim.o
TIM_ClearITPendingBit                             .obj/st_lib/stm32f10x_tim.o
TIM_ClearOC1Ref                                   .obj/st_lib/stm32f10x_tim.o
TIM_ClearOC2Ref                                   .obj/st_lib/stm32f10x_tim.o
TIM_ClearOC3Ref                                   .obj/st_lib/stm32f10x_tim.o
TIM_ClearOC4Ref                                   .obj/st_lib/stm32f10x_tim.o
TIM_Cmd                                           .obj/st_lib/stm32f10x_tim.o
TIM_CounterModeConfig                             .obj/st_lib/stm32f10x_tim.o
TIM_CtrlPWMOutputs                                .obj/st_lib/stm32f10x_tim.o
TIM_DMACmd                                        .obj/st_lib/stm32f10x_tim.o
TIM_DMAConfig                                     .obj/st_lib/stm32f10x_tim.o
TIM_DeInit                                        .obj/st_lib/stm32f10x_tim.o
TIM_ETRClockMode1Config                           .obj/st_lib/stm32f10x_tim.o
TIM_ETRClockMode2Config                           .obj/st_lib/stm32f10x_tim.o
TIM_ETRConfig                                     .obj/st_lib/stm32f10x_tim.o
TIM_EncoderInterfaceConfig                        .obj/st_lib/stm32f10x_tim.o
TIM_ForcedOC1Config                               .obj/st_lib/stm32f10x_tim.o
TIM_ForcedOC2Config                               .obj/st_lib/stm32f10x_tim.o
TIM_ForcedOC3Config                               .obj/st_lib/stm32f10x_tim.o
TIM_ForcedOC4Config                               .obj/st_lib/stm32f10x_tim.o
TIM_GenerateEvent                                 .obj/st_lib/stm32f10x_tim.o
TIM_GetCapture1                                   .obj/st_lib/stm32f10x_tim.o
TIM_GetCapture2                                   .obj/st_lib/stm32f10x_tim.o
TIM_GetCapture3                                   .obj/st_lib/stm32f10x_tim.o
TIM_GetCapture4                                   .obj/st_lib/stm32f10x_tim.o
TIM_GetCounter                                    .obj/st_lib/stm32f10x_tim.o
TIM_GetFlagStatus                                 .obj/st_lib/stm32f10x_tim.o
TIM_GetITStatus                                   .obj/st_lib/stm32f10x_tim.o
TIM_GetPrescaler                                  .obj/st_lib/stm32f10x_tim.o
TIM_ICInit                                        .obj/st_lib/stm32f10x_tim.o
TIM_ICStructInit                                  .obj/st_lib/stm32f10x_tim.o
TIM_ITConfig                                      .obj/st_lib/stm32f10x_tim.o
TIM_ITRxExternalClockConfig                       .obj/st_lib/stm32f10x_tim.o
TIM_InternalClockConfig                           .obj/st_lib/stm32f10x_tim.o
TIM_OC1FastConfig                                 .obj/st_lib/stm32f10x_tim.o
TIM_OC1Init                                       .obj/st_lib/stm32f10x_tim.o
TIM_OC1NPolarityConfig                            .obj/st_lib/stm32f10x_tim.o
TIM_OC1PolarityConfig                             .obj/st_lib/stm32f10x_tim.o
TIM_OC1PreloadConfig                              .obj/st_lib/stm32f10x_tim.o
TIM_OC2FastConfig                                 .obj/st_lib/stm32f10x_tim.o
TIM_OC2Init                                       .obj/st_lib/stm32f10x_tim.o
TIM_OC2NPolarityConfig                            .obj/st_lib/stm32f10x_tim.o
TIM_OC2PolarityConfig                             .obj/st_lib/stm32f10x_tim.o
TIM_OC2PreloadConfig                              .obj/st_lib/stm32f10x_tim.o
TIM_OC3FastConfig                                 .obj/st_lib/stm32f10x_tim.o
TIM_OC3Init                                       .obj/st_lib/stm32f10x_tim.o
TIM_OC3NPolarityConfig                            .obj/st_lib/stm32f10x_tim.o
TIM_OC3PolarityConfig                             .obj/st_lib/stm32f10x_tim.o
TIM_OC3PreloadConfig                              .obj/st_lib/stm32f10x_tim.o
TIM_OC4FastConfig                                 .obj/st_lib/stm32f10x_tim.o
TIM_OC4Init                                       .obj/st_lib/stm32f10x_tim.o
TIM_OC4PolarityConfig                             .obj/st_lib/stm32f10x_tim.o
TIM_OC4PreloadConfig                              .obj/st_lib/stm32f10x_tim.o
TIM_OCStructInit                                  .obj/st_lib/stm32f10x_tim.o
TIM_PWMIConfig                                    .obj/st_lib/stm32f10x_tim.o
                                                  .obj/am2302.o
TIM_PrescalerConfig                               .obj/st_lib/stm32f10x_tim.o
                                                  .obj/am2302.o
TIM_SelectCCDMA                                   .obj/st_lib/stm32f10x_tim.o
TIM_SelectCOM                                     .obj/st_lib/stm32f10x_tim.o
TIM_SelectHallSensor                              .obj/st_lib/stm32f10x_tim.o
TIM_SelectInputTrigger                            .obj/st_lib/stm32f10x_tim.o
                                                  .obj/am2302.o
TIM_SelectMasterSlaveMode                         .obj/st_lib/stm32f10x_tim.o
                                                  .obj/am2302.o
TIM_SelectOCxM                                    .obj/st_lib/stm32f10x_tim.o
TIM_SelectOnePulseMode                            .obj/st_lib/stm32f10x_tim.o
TIM_SelectOutputTrigger                           .obj/st_lib/stm32f10x_tim.o
TIM_SelectSlaveMode                               .obj/st_lib/stm32f10x_tim.o
                                                  .obj/am2302.o
TIM_SetAutoreload                                 .obj/st_lib/stm32f10x_tim.o
TIM_SetClockDivision                              .obj/st_lib/stm32f10x_tim.o
TIM_SetCompare1                                   .obj/st_lib/stm32f10x_tim.o
TIM_SetCompare2                                   .obj/st_lib/stm32f10x_tim.o
TIM_SetCompare3                                   .obj/st_lib/stm32f10x_tim.o
TIM_SetCompare4                                   .obj/st_lib/stm32f10x_tim.o
TIM_SetCounter                                    .obj/st_lib/stm32f10x_tim.o
TIM_SetIC1Prescaler                               .obj/st_lib/stm32f10x_tim.o
TIM_SetIC2Prescaler                               .obj/st_lib/stm32f10x_tim.o
TIM_SetIC3Prescaler                               .obj/st_lib/stm32f10x_tim.o
TIM_SetIC4Prescaler                               .obj/st_lib/stm32f10x_tim.o
TIM_TIxExternalClockConfig                        .obj/st_lib/stm32f10x_tim.o
TIM_TimeBaseInit                                  .obj/st_lib/stm32f10x_tim.o
TIM_TimeBaseStructInit                            .obj/st_lib/stm32f10x_tim.o
TIM_UpdateDisableConfig                           .obj/st_lib/stm32f10x_tim.o
TIM_UpdateRequestConfig                           .obj/st_lib/stm32f10x_tim.o
                                                  .obj/am2302.o
USART1_IRQHandler                                 .obj/serial.o
                                                  .obj/crt0.o
USART2_IRQHandler                                 .obj/serial.o
                                                  .obj/crt0.o
USART3_IRQHandler                                 .obj/crt0.o
USART_ClearFlag                                   .obj/st_lib/stm32f10x_usart.o
USART_ClearITPendingBit                           .obj/st_lib/stm32f10x_usart.o
USART_ClockInit                                   .obj/st_lib/stm32f10x_usart.o
USART_ClockStructInit                             .obj/st_lib/stm32f10x_usart.o
USART_Cmd                                         .obj/st_lib/stm32f10x_usart.o
                                                  .obj/serial.o
USART_DMACmd                                      .obj/st_lib/stm32f10x_usart.o
USART_DeInit                                      .obj/st_lib/stm32f10x_usart.o
USART_GetFlagStatus                               .obj/st_lib/stm32f10x_usart.o
USART_GetITStatus                                 .obj/st_lib/stm32f10x_usart.o
                                                  .obj/serial.o
USART_HalfDuplexCmd                               .obj/st_lib/stm32f10x_usart.o
USART_ITConfig                                    .obj/st_lib/stm32f10x_usart.o
                                                  .obj/serial.o
USART_Init                                        .obj/st_lib/stm32f10x_usart.o
                                                  .obj/serial.o
USART_IrDACmd                                     .obj/st_lib/stm32f10x_usart.o
USART_IrDAConfig                                  .obj/st_lib/stm32f10x_usart.o
USART_LINBreakDetectLengthConfig                  .obj/st_lib/stm32f10x_usart.o
USART_LINCmd                                      .obj/st_lib/stm32f10x_usart.o
USART_OneBitMethodCmd                             .obj/st_lib/stm32f10x_usart.o
USART_OverSampling8Cmd                            .obj/st_lib/stm32f10x_usart.o
USART_ReceiveData                                 .obj/st_lib/stm32f10x_usart.o
                                                  .obj/serial.o
USART_ReceiverWakeUpCmd                           .obj/st_lib/stm32f10x_usart.o
USART_SendBreak                                   .obj/st_lib/stm32f10x_usart.o
USART_SendData                                    .obj/st_lib/stm32f10x_usart.o
                                                  .obj/serial.o
USART_SetAddress                                  .obj/st_lib/stm32f10x_usart.o
USART_SetGuardTime                                .obj/st_lib/stm32f10x_usart.o
USART_SetPrescaler                                .obj/st_lib/stm32f10x_usart.o
USART_SmartCardCmd                                .obj/st_lib/stm32f10x_usart.o
USART_SmartCardNACKCmd                            .obj/st_lib/stm32f10x_usart.o
USART_StructInit                                  .obj/st_lib/stm32f10x_usart.o
USART_WakeUpConfig                                .obj/st_lib/stm32f10x_usart.o
USBWakeUp_IRQHandler                              .obj/crt0.o
USB_HP_CAN_TX_IRQHandler                          .obj/crt0.o
USB_LP_CAN_RX0_IRQHandler                         .obj/crt0.o
UsageFaultException                               .obj/crt0.o
WWDG_IRQHandler                                   .obj/crt0.o
__LDREXB                                          .obj/st_lib/core_cm3.o
__LDREXH                                          .obj/st_lib/core_cm3.o
__LDREXW                                          .obj/st_lib/core_cm3.o
__RBIT                                            .obj/st_lib/core_cm3.o
__REV                                             .obj/st_lib/core_cm3.o
__REV16                                           .obj/st_lib/core_cm3.o
__REVSH                                           .obj/st_lib/core_cm3.o
__STREXB                                          .obj/st_lib/core_cm3.o
__STREXH                                          .obj/st_lib/core_cm3.o
__STREXW                                          .obj/st_lib/core_cm3.o
__aeabi_idiv0                                     /home/asphyx/arm-2012.09/bin/../lib/gcc/arm-none-eabi/4.7.2/thumb2/libgcc.a(_dvmd_tls.o)
                                                  /home/asphyx/arm-2012.09/bin/../lib/gcc/arm-none-eabi/4.7.2/thumb2/libgcc.a(_udivsi3.o)
__aeabi_ldiv0                                     /home/asphyx/arm-2012.09/bin/../lib/gcc/arm-none-eabi/4.7.2/thumb2/libgcc.a(_dvmd_tls.o)
                                                  /home/asphyx/arm-2012.09/bin/../lib/gcc/arm-none-eabi/4.7.2/thumb2/libgcc.a(_aeabi_uldivmod.o)
__aeabi_uidiv                                     /home/asphyx/arm-2012.09/bin/../lib/gcc/arm-none-eabi/4.7.2/thumb2/libgcc.a(_udivsi3.o)
                                                  /home/asphyx/arm-2012.09/bin/../lib/gcc/arm-none-eabi/4.7.2/thumb2/libgcc.a(_udivdi3.o)
                                                  /home/asphyx/arm-2012.09/bin/../lib/gcc/arm-none-eabi/4.7.2/thumb2/libgcc.a(_divdi3.o)
                                                  /home/asphyx/arm-2012.09/bin/../lib/gcc/arm-none-eabi/4.7.2/../../../../arm-none-eabi/lib/thumb2/libc.a(lib_a-strtol.o)
__aeabi_uidivmod                                  /home/asphyx/arm-2012.09/bin/../lib/gcc/arm-none-eabi/4.7.2/thumb2/libgcc.a(_udivsi3.o)
                                                  /home/asphyx/arm-2012.09/bin/../lib/gcc/arm-none-eabi/4.7.2/thumb2/libgcc.a(_udivdi3.o)
                                                  /home/asphyx/arm-2012.09/bin/../lib/gcc/arm-none-eabi/4.7.2/thumb2/libgcc.a(_divdi3.o)
                                                  /home/asphyx/arm-2012.09/bin/../lib/gcc/arm-none-eabi/4.7.2/../../../../arm-none-eabi/lib/thumb2/libc.a(lib_a-strtol.o)
__aeabi_uldivmod                                  /home/asphyx/arm-2012.09/bin/../lib/gcc/arm-none-eabi/4.7.2/thumb2/libgcc.a(_aeabi_uldivmod.o)
                                                  /home/asphyx/arm-2012.09/bin/../lib/gcc/arm-none-eabi/4.7.2/../../../../arm-none-eabi/lib/thumb2/libc.a(lib_a-svfiprintf.o)
__ctype_ptr__                                     /home/asphyx/arm-2012.09/bin/../lib/gcc/arm-none-eabi/4.7.2/../../../../arm-none-eabi/lib/thumb2/libc.a(lib_a-ctype_.o)
                                                  /home/asphyx/arm-2012.09/bin/../lib/gcc/arm-none-eabi/4.7.2/../../../../arm-none-eabi/lib/thumb2/libc.a(lib_a-strtol.o)
__default_exception_handler                       .obj/crt0.o
__divdi3                                          /home/asphyx/arm-2012.09/bin/../lib/gcc/arm-none-eabi/4.7.2/thumb2/libgcc.a(_divdi3.o)
                                                  /home/asphyx/arm-2012.09/bin/../lib/gcc/arm-none-eabi/4.7.2/thumb2/libgcc.a(bpabi.o)
__get_BASEPRI                                     .obj/st_lib/core_cm3.o
__get_CONTROL                                     .obj/st_lib/core_cm3.o
__get_FAULTMASK                                   .obj/st_lib/core_cm3.o
__get_MSP                                         .obj/st_lib/core_cm3.o
__get_PRIMASK                                     .obj/st_lib/core_cm3.o
__get_PSP                                         .obj/st_lib/core_cm3.o
__gnu_ldivmod_helper                              /home/asphyx/arm-2012.09/bin/../lib/gcc/arm-none-eabi/4.7.2/thumb2/libgcc.a(bpabi.o)
__gnu_uldivmod_helper                             /home/asphyx/arm-2012.09/bin/../lib/gcc/arm-none-eabi/4.7.2/thumb2/libgcc.a(bpabi.o)
                                                  /home/asphyx/arm-2012.09/bin/../lib/gcc/arm-none-eabi/4.7.2/thumb2/libgcc.a(_aeabi_uldivmod.o)
__set_BASEPRI                                     .obj/st_lib/core_cm3.o
__set_CONTROL                                     .obj/st_lib/core_cm3.o
__set_FAULTMASK                                   .obj/st_lib/core_cm3.o
__set_MSP                                         .obj/st_lib/core_cm3.o
__set_PRIMASK                                     .obj/st_lib/core_cm3.o
__set_PSP                                         .obj/st_lib/core_cm3.o
__sf_fake_stderr                                  /home/asphyx/arm-2012.09/bin/../lib/gcc/arm-none-eabi/4.7.2/../../../../arm-none-eabi/lib/thumb2/libc.a(lib_a-impure.o)
__sf_fake_stdin                                   /home/asphyx/arm-2012.09/bin/../lib/gcc/arm-none-eabi/4.7.2/../../../../arm-none-eabi/lib/thumb2/libc.a(lib_a-impure.o)
__sf_fake_stdout                                  /home/asphyx/arm-2012.09/bin/../lib/gcc/arm-none-eabi/4.7.2/../../../../arm-none-eabi/lib/thumb2/libc.a(lib_a-impure.o)
__ssprint_r                                       /home/asphyx/arm-2012.09/bin/../lib/gcc/arm-none-eabi/4.7.2/../../../../arm-none-eabi/lib/thumb2/libc.a(lib_a-svfiprintf.o)
__udivdi3                                         /home/asphyx/arm-2012.09/bin/../lib/gcc/arm-none-eabi/4.7.2/thumb2/libgcc.a(_udivdi3.o)
                                                  /home/asphyx/arm-2012.09/bin/../lib/gcc/arm-none-eabi/4.7.2/thumb2/libgcc.a(bpabi.o)
__udivsi3                                         /home/asphyx/arm-2012.09/bin/../lib/gcc/arm-none-eabi/4.7.2/thumb2/libgcc.a(_udivsi3.o)
_calloc_r                                         .obj/malloc.o
_ctype_                                           /home/asphyx/arm-2012.09/bin/../lib/gcc/arm-none-eabi/4.7.2/../../../../arm-none-eabi/lib/thumb2/libc.a(lib_a-ctype_.o)
_ebss                                             .obj/crt0.o
_edata                                            .obj/crt0.o
_estack                                           .obj/crt0.o
_free_r                                           .obj/malloc.o
                                                  /home/asphyx/arm-2012.09/bin/../lib/gcc/arm-none-eabi/4.7.2/../../../../arm-none-eabi/lib/thumb2/libc.a(lib_a-svfiprintf.o)
_global_impure_ptr                                /home/asphyx/arm-2012.09/bin/../lib/gcc/arm-none-eabi/4.7.2/../../../../arm-none-eabi/lib/thumb2/libc.a(lib_a-impure.o)
_impure_ptr                                       /home/asphyx/arm-2012.09/bin/../lib/gcc/arm-none-eabi/4.7.2/../../../../arm-none-eabi/lib/thumb2/libc.a(lib_a-impure.o)
                                                  /home/asphyx/arm-2012.09/bin/../lib/gcc/arm-none-eabi/4.7.2/../../../../arm-none-eabi/lib/thumb2/libc.a(lib_a-vsniprintf.o)
                                                  /home/asphyx/arm-2012.09/bin/../lib/gcc/arm-none-eabi/4.7.2/../../../../arm-none-eabi/lib/thumb2/libc.a(lib_a-strtol.o)
                                                  /home/asphyx/arm-2012.09/bin/../lib/gcc/arm-none-eabi/4.7.2/../../../../arm-none-eabi/lib/thumb2/libc.a(lib_a-sniprintf.o)
_malloc_r                                         .obj/malloc.o
                                                  /home/asphyx/arm-2012.09/bin/../lib/gcc/arm-none-eabi/4.7.2/../../../../arm-none-eabi/lib/thumb2/libc.a(lib_a-svfiprintf.o)
_realloc_r                                        .obj/malloc.o
                                                  /home/asphyx/arm-2012.09/bin/../lib/gcc/arm-none-eabi/4.7.2/../../../../arm-none-eabi/lib/thumb2/libc.a(lib_a-svfiprintf.o)
_sbss                                             .obj/crt0.o
_sdata                                            .obj/crt0.o
_sidata                                           .obj/crt0.o
_sniprintf_r                                      /home/asphyx/arm-2012.09/bin/../lib/gcc/arm-none-eabi/4.7.2/../../../../arm-none-eabi/lib/thumb2/libc.a(lib_a-sniprintf.o)
_strtol_r                                         /home/asphyx/arm-2012.09/bin/../lib/gcc/arm-none-eabi/4.7.2/../../../../arm-none-eabi/lib/thumb2/libc.a(lib_a-strtol.o)
_svfiprintf_r                                     /home/asphyx/arm-2012.09/bin/../lib/gcc/arm-none-eabi/4.7.2/../../../../arm-none-eabi/lib/thumb2/libc.a(lib_a-svfiprintf.o)
                                                  /home/asphyx/arm-2012.09/bin/../lib/gcc/arm-none-eabi/4.7.2/../../../../arm-none-eabi/lib/thumb2/libc.a(lib_a-vsniprintf.o)
                                                  /home/asphyx/arm-2012.09/bin/../lib/gcc/arm-none-eabi/4.7.2/../../../../arm-none-eabi/lib/thumb2/libc.a(lib_a-sniprintf.o)
_vsniprintf_r                                     /home/asphyx/arm-2012.09/bin/../lib/gcc/arm-none-eabi/4.7.2/../../../../arm-none-eabi/lib/thumb2/libc.a(lib_a-vsniprintf.o)
cmd_exec                                          .obj/cmd.o
                                                  .obj/main.o
cmdbuf                                            .obj/main.o
dht_init                                          .obj/am2302.o
                                                  .obj/main.o
dht_read                                          .obj/am2302.o
                                                  .obj/main.o
gpio_init                                         .obj/gpio.o
                                                  .obj/main.o
gpio_set                                          .obj/gpio.o
                                                  .obj/main.o
irq_sem                                           .obj/am2302.o
main                                              .obj/main.o
                                                  .obj/crt0.o
memchr                                            /home/asphyx/arm-2012.09/bin/../lib/gcc/arm-none-eabi/4.7.2/../../../../arm-none-eabi/lib/thumb2/libc.a(lib_a-memchr.o)
                                                  /home/asphyx/arm-2012.09/bin/../lib/gcc/arm-none-eabi/4.7.2/../../../../arm-none-eabi/lib/thumb2/libc.a(lib_a-svfiprintf.o)
memcpy                                            /home/asphyx/arm-2012.09/bin/../lib/gcc/arm-none-eabi/4.7.2/../../../../arm-none-eabi/lib/thumb2/libc.a(lib_a-memcpy.o)
                                                  /home/asphyx/arm-2012.09/bin/../lib/gcc/arm-none-eabi/4.7.2/../../../../arm-none-eabi/lib/thumb2/libc.a(lib_a-svfiprintf.o)
                                                  .obj/malloc.o
                                                  .obj/freertos/queue.o
memmove                                           /home/asphyx/arm-2012.09/bin/../lib/gcc/arm-none-eabi/4.7.2/../../../../arm-none-eabi/lib/thumb2/libc.a(lib_a-memmove.o)
                                                  /home/asphyx/arm-2012.09/bin/../lib/gcc/arm-none-eabi/4.7.2/../../../../arm-none-eabi/lib/thumb2/libc.a(lib_a-svfiprintf.o)
memset                                            /home/asphyx/arm-2012.09/bin/../lib/gcc/arm-none-eabi/4.7.2/../../../../arm-none-eabi/lib/thumb2/libc.a(lib_a-memset.o)
                                                  .obj/malloc.o
                                                  .obj/freertos/tasks.o
pvPortMalloc                                      .obj/freertos/heap_2.o
                                                  .obj/malloc.o
                                                  .obj/freertos/timers.o
                                                  .obj/freertos/queue.o
                                                  .obj/freertos/tasks.o
pvTimerGetTimerID                                 .obj/freertos/timers.o
pxCurrentTCB                                      .obj/freertos/tasks.o
                                                  .obj/freertos/port/port.o
pxPortInitialiseStack                             .obj/freertos/port/port.o
                                                  .obj/freertos/tasks.o
read_line                                         .obj/readline.o
                                                  .obj/main.o
rtc_from_time                                     .obj/rtc.o
                                                  .obj/main.o
rtc_init                                          .obj/rtc.o
                                                  .obj/main.o
rtc_set                                           .obj/rtc.o
                                                  .obj/main.o
rtc_to_time                                       .obj/rtc.o
                                                  .obj/main.o
rtc_valid                                         .obj/rtc.o
                                                  .obj/main.o
serial_enabled                                    .obj/serial.o
                                                  .obj/main.o
serial_init                                       .obj/serial.o
                                                  .obj/main.o
serial_iprintf                                    .obj/serial.o
                                                  .obj/main.o
                                                  .obj/cmd.o
                                                  .obj/readline.o
serial_rcv_char                                   .obj/serial.o
                                                  .obj/main.o
                                                  .obj/readline.o
serial_send_char                                  .obj/serial.o
                                                  .obj/readline.o
serial_send_str                                   .obj/serial.o
                                                  .obj/main.o
                                                  .obj/cmd.o
                                                  .obj/readline.o
sniprintf                                         /home/asphyx/arm-2012.09/bin/../lib/gcc/arm-none-eabi/4.7.2/../../../../arm-none-eabi/lib/thumb2/libc.a(lib_a-sniprintf.o)
                                                  .obj/rtc.o
strcmp                                            /home/asphyx/arm-2012.09/bin/../lib/gcc/arm-none-eabi/4.7.2/../../../../arm-none-eabi/lib/thumb2/libc.a(lib_a-strcmp.o)
                                                  .obj/main.o
                                                  .obj/cmd.o
strlen                                            /home/asphyx/arm-2012.09/bin/../lib/gcc/arm-none-eabi/4.7.2/../../../../arm-none-eabi/lib/thumb2/libc.a(lib_a-strlen.o)
                                                  /home/asphyx/arm-2012.09/bin/../lib/gcc/arm-none-eabi/4.7.2/../../../../arm-none-eabi/lib/thumb2/libc.a(lib_a-svfiprintf.o)
                                                  .obj/readline.o
strncpy                                           /home/asphyx/arm-2012.09/bin/../lib/gcc/arm-none-eabi/4.7.2/../../../../arm-none-eabi/lib/thumb2/libc.a(lib_a-strncpy.o)
                                                  .obj/freertos/tasks.o
strtol                                            /home/asphyx/arm-2012.09/bin/../lib/gcc/arm-none-eabi/4.7.2/../../../../arm-none-eabi/lib/thumb2/libc.a(lib_a-strtol.o)
                                                  .obj/main.o
time_to_str                                       .obj/rtc.o
                                                  .obj/main.o
ulKernelPriority                                  .obj/freertos/port/port.o
ulPortSetInterruptMask                            .obj/freertos/port/port.o
                                                  .obj/main.o
                                                  .obj/freertos/queue.o
                                                  .obj/freertos/tasks.o
uxListRemove                                      .obj/freertos/list.o
                                                  .obj/freertos/timers.o
                                                  .obj/freertos/tasks.o
uxQueueMessagesWaiting                            .obj/freertos/queue.o
uxQueueMessagesWaitingFromISR                     .obj/freertos/queue.o
uxTaskGetNumberOfTasks                            .obj/freertos/tasks.o
uxTaskPriorityGet                                 .obj/freertos/tasks.o
vApplicationMallocFailedHook                      .obj/main.o
                                                  .obj/freertos/heap_2.o
vApplicationStackOverflowHook                     .obj/main.o
                                                  .obj/freertos/tasks.o
vListInitialise                                   .obj/freertos/list.o
                                                  .obj/freertos/timers.o
                                                  .obj/freertos/queue.o
                                                  .obj/freertos/tasks.o
vListInitialiseItem                               .obj/freertos/list.o
                                                  .obj/freertos/timers.o
                                                  .obj/freertos/tasks.o
vListInsert                                       .obj/freertos/list.o
                                                  .obj/freertos/timers.o
                                                  .obj/freertos/tasks.o
vListInsertEnd                                    .obj/freertos/list.o
                                                  .obj/freertos/tasks.o
vPortClearInterruptMask                           .obj/freertos/port/port.o
                                                  .obj/freertos/queue.o
                                                  .obj/freertos/tasks.o
vPortEndScheduler                                 .obj/freertos/port/port.o
                                                  .obj/freertos/tasks.o
vPortEnterCritical                                .obj/freertos/port/port.o
                                                  .obj/freertos/timers.o
                                                  .obj/freertos/queue.o
                                                  .obj/freertos/tasks.o
vPortExitCritical                                 .obj/freertos/port/port.o
                                                  .obj/freertos/timers.o
                                                  .obj/freertos/queue.o
                                                  .obj/freertos/tasks.o
vPortFree                                         .obj/freertos/heap_2.o
                                                  .obj/malloc.o
                                                  .obj/freertos/timers.o
                                                  .obj/freertos/queue.o
                                                  .obj/freertos/tasks.o
vPortInitialiseBlocks                             .obj/freertos/heap_2.o
vPortSVCHandler                                   .obj/freertos/port/port.o
                                                  .obj/crt0.o
vPortSetupTimerInterrupt                          .obj/freertos/port/port.o
vPortYieldFromISR                                 .obj/freertos/port/port.o
                                                  .obj/am2302.o
                                                  .obj/serial.o
                                                  .obj/freertos/timers.o
                                                  .obj/freertos/queue.o
                                                  .obj/freertos/tasks.o
vQueueDelete                                      .obj/freertos/queue.o
vQueueWaitForMessageRestricted                    .obj/freertos/queue.o
                                                  .obj/freertos/timers.o
vTaskDelay                                        .obj/freertos/tasks.o
                                                  .obj/am2302.o
vTaskDelayUntil                                   .obj/freertos/tasks.o
                                                  .obj/main.o
vTaskDelete                                       .obj/freertos/tasks.o
                                                  .obj/main.o
vTaskEndScheduler                                 .obj/freertos/tasks.o
vTaskIncrementTick                                .obj/freertos/tasks.o
                                                  .obj/freertos/port/port.o
vTaskMissedYield                                  .obj/freertos/tasks.o
                                                  .obj/freertos/queue.o
vTaskPlaceOnEventList                             .obj/freertos/tasks.o
                                                  .obj/freertos/queue.o
vTaskPlaceOnEventListRestricted                   .obj/freertos/tasks.o
                                                  .obj/freertos/queue.o
vTaskPriorityDisinherit                           .obj/freertos/tasks.o
                                                  .obj/freertos/queue.o
vTaskPriorityInherit                              .obj/freertos/tasks.o
                                                  .obj/freertos/queue.o
vTaskPrioritySet                                  .obj/freertos/tasks.o
vTaskResume                                       .obj/freertos/tasks.o
vTaskSetTimeOutState                              .obj/freertos/tasks.o
                                                  .obj/freertos/queue.o
vTaskStartScheduler                               .obj/freertos/tasks.o
                                                  .obj/main.o
vTaskSuspend                                      .obj/freertos/tasks.o
vTaskSuspendAll                                   .obj/freertos/tasks.o
                                                  .obj/freertos/heap_2.o
                                                  .obj/freertos/timers.o
                                                  .obj/freertos/queue.o
vTaskSwitchContext                                .obj/freertos/tasks.o
                                                  .obj/freertos/port/port.o
vsniprintf                                        /home/asphyx/arm-2012.09/bin/../lib/gcc/arm-none-eabi/4.7.2/../../../../arm-none-eabi/lib/thumb2/libc.a(lib_a-vsniprintf.o)
                                                  .obj/serial.o
xPortGetFreeHeapSize                              .obj/freertos/heap_2.o
xPortPendSVHandler                                .obj/freertos/port/port.o
                                                  .obj/crt0.o
xPortStartScheduler                               .obj/freertos/port/port.o
                                                  .obj/freertos/tasks.o
xPortSysTickHandler                               .obj/freertos/port/port.o
                                                  .obj/crt0.o
xQueueCreateMutex                                 .obj/freertos/queue.o
                                                  .obj/main.o
xQueueGenericCreate                               .obj/freertos/queue.o
                                                  .obj/main.o
                                                  .obj/am2302.o
                                                  .obj/serial.o
                                                  .obj/freertos/timers.o
xQueueGenericReceive                              .obj/freertos/queue.o
                                                  .obj/main.o
                                                  .obj/am2302.o
                                                  .obj/serial.o
                                                  .obj/freertos/timers.o
xQueueGenericReset                                .obj/freertos/queue.o
xQueueGenericSend                                 .obj/freertos/queue.o
                                                  .obj/main.o
                                                  .obj/am2302.o
                                                  .obj/serial.o
                                                  .obj/freertos/timers.o
xQueueGenericSendFromISR                          .obj/freertos/queue.o
                                                  .obj/am2302.o
                                                  .obj/serial.o
                                                  .obj/freertos/timers.o
xQueueIsQueueEmptyFromISR                         .obj/freertos/queue.o
xQueueIsQueueFullFromISR                          .obj/freertos/queue.o
xQueueReceiveFromISR                              .obj/freertos/queue.o
                                                  .obj/serial.o
xTaskCheckForTimeOut                              .obj/freertos/tasks.o
                                                  .obj/freertos/queue.o
xTaskGenericCreate                                .obj/freertos/tasks.o
                                                  .obj/main.o
                                                  .obj/am2302.o
                                                  .obj/freertos/timers.o
xTaskGetCurrentTaskHandle                         .obj/freertos/tasks.o
                                                  .obj/freertos/queue.o
xTaskGetSchedulerState                            .obj/freertos/tasks.o
                                                  .obj/freertos/timers.o
xTaskGetTickCount                                 .obj/freertos/tasks.o
                                                  .obj/main.o
                                                  .obj/freertos/timers.o
xTaskGetTickCountFromISR                          .obj/freertos/tasks.o
xTaskIsTaskSuspended                              .obj/freertos/tasks.o
xTaskRemoveFromEventList                          .obj/freertos/tasks.o
                                                  .obj/freertos/queue.o
xTaskResumeAll                                    .obj/freertos/tasks.o
                                                  .obj/freertos/heap_2.o
                                                  .obj/freertos/timers.o
                                                  .obj/freertos/queue.o
xTaskResumeFromISR                                .obj/freertos/tasks.o
xTimerCreate                                      .obj/freertos/timers.o
                                                  .obj/main.o
xTimerCreateTimerTask                             .obj/freertos/timers.o
                                                  .obj/freertos/tasks.o
xTimerGenericCommand                              .obj/freertos/timers.o
                                                  .obj/main.o
xTimerIsTimerActive                               .obj/freertos/timers.o
